// Jest Snapshot v1, https://goo.gl/fbAQLP

exports[`Character returns markup for a friend without an appearsIn 1`] = `
<div>
  <div>
    <div>
      <h3>
        r2d2
      </h3>
      <h6>
        luke
        : 
        newhope
      </h6>
      <h6>
        james
        : 
      </h6>
    </div>
  </div>
</div>
`;

exports[`Character returns markup for a hero with no friends 1`] = `
<div>
  <div>
    <div>
      <h3>
        r2d2
      </h3>
    </div>
  </div>
</div>
`;

exports[`Character returns markup for empty array of friends 1`] = `
<div>
  <div>
    <div>
      <h3>
        r2d2
      </h3>
    </div>
  </div>
</div>
`;

exports[`Character returns markup for null response 1`] = `
<div>
  <div />
</div>
`;
