// Jest Snapshot v1, https://goo.gl/fbAQLP

exports[`renders content if the mutation has not been called 1`] = `
<div>
  <input
    placeholder="Username"
    value=""
  />
  <button
    data-testid="add-user-button"
  >
    Create new user
  </button>
</div>
`;
